// Jest Snapshot v1, https://goo.gl/fbAQLP

exports[`ResultsPage renders page with resultswithout crashing 1`] = `
"<div>
  <h1>
    Search Results for &quot;
    test
    &quot;
  </h1>
  <RecipeDisplay recipes={{...}} />
</div>"
`;
