// Jest Snapshot v1, https://goo.gl/fbAQLP

exports[`EditRecipeModal renders without crashing 1`] = `
"<Fragment>
  <ModalHeader toggle={[Function: toggle]} tag=\\"h5\\" wrapTag=\\"div\\" closeAriaLabel=\\"Close\\" charCode={215}>
    Edit Recipe
  </ModalHeader>
  <RecipeForm submit={[Function: onSumbitRecipe]} defaultRecipe={{...}} title=\\"Edit Recipe\\" toggle={true} />
</Fragment>"
`;
